
> backend@1.0.0 test
> jest --verbose

node.exe : FAIL 
tests/app.test.js
At line:1 char:1
+ & "C:\/node.exe" "C:
\Users\sugar\AppData\R
oaming\npm/node_module
s/npm ...
+ ~~~~~~~~~~~~~~~~~~~~
~~~~~~~~~~~~~~~~~~~~~~
~~~~~~~~~~~~~~~~~~~~~~
~~~~~
    + CategoryInfo    
          : NotSpeci  
  fied: (FAIL tests   
 /app.test.js:Stri    
ng) [], RemoteExc    
eption
    + FullyQualifiedE 
   rrorId : NativeCo  
  mmandError
 
  Library API
    ΓêÜ GET /books - 
should return all 
books (98 ms)
    ├ù POST /borrow - 
should borrow an 
available book (33 ms)
    ├ù POST /borrow - 
should fail if book 
is already borrowed 
(15 ms)
    ΓêÜ POST /borrow 
- should fail if book 
does not exist (11 ms)
    ΓêÜ POST /borrow 
- should fail if user 
does not exist (13 ms)
    ├ù POST /return - 
should return a 
borrowed book (14 ms)
    ΓêÜ POST /return 
- should fail if no 
active transaction 
(12 ms)
    ΓêÜ GET 
/my-books/:userId - 
should return 
borrowed books (19 ms)
    ΓêÜ GET 
/my-books/:userId - 
should return empty 
list if no books 
borrowed (15 ms)
    ΓêÜ POST /borrow 
- should fail if 
missing parameters 
(11 ms)

  ΓùÅ Library API ΓÇ║ 
POST /borrow - should 
borrow an available 
book

    expect(received).t
oBe(expected) // 
Object.is equality

    Expected: 200
    Received: 400

    [0m [90m 45 
|[39m             
bookId[33m:[39m 
[35m101[39m
     [90m 46 |[39m  
       })[33m;[39m
    [31m[1m>[22m[3
9m[90m 47 |[39m     
    expect(res[33m.[
39mstatusCode)[33m.[
39mtoBe([35m200[39m)
[33m;[39m
     [90m    |[39m  
                      
        
[31m[1m^[22m[39m
     [90m 48 |[39m  
       expect(res[33m
.[39mbody[33m.[39mt
ransaction)[33m.[39m
toBeDefined()[33m;[3
9m
     [90m 49 |[39m
     [90m 50 |[39m  
       
[36mconst[39m book 
[33m=[39m 
[36mawait[39m [33mB
ook[39m[33m.[39mfin
dOne({ id[33m:[39m 
[35m101[39m 
})[33m;[39m[0m

      at Object.toBe (
tests/app.test.js:47:3
2)

  ΓùÅ Library API ΓÇ║ 
POST /borrow - should 
fail if book is 
already borrowed

    expect(received).t
oMatch(expected)

    Expected pattern: 
/already borrowed/
    Received string:  
"Transaction numbers 
are only allowed on a 
replica set member or 
mongos"

    [0m [90m 59 
|[39m         
})[33m;[39m
     [90m 60 |[39m  
       expect(res[33m
.[39mstatusCode)[33m
.[39mtoBe([35m400[3
9m)[33m;[39m
    [31m[1m>[22m[3
9m[90m 61 |[39m     
    expect(res[33m.[
39mbody[33m.[39merro
r)[33m.[39mtoMatch(
[35m/already borrowed/
[39m)[33m;[39m
     [90m    |[39m  
                      
        
[31m[1m^[22m[39m
     [90m 62 |[39m  
   })[33m;[39m
     [90m 63 |[39m
     [90m 64 |[39m  
   [90m// Test 4: 
Borrow a non-existent 
book[39m[0m

      at 
Object.toMatch (tests/
app.test.js:61:32)

  ΓùÅ Library API ΓÇ║ 
POST /return - should 
return a borrowed book

    expect(received).t
oBe(expected) // 
Object.is equality

    Expected: 200
    Received: 400

    [0m [90m 94 
|[39m             
bookId[33m:[39m 
[35m102[39m
     [90m 95 |[39m  
       })[33m;[39m
    [31m[1m>[22m[3
9m[90m 96 |[39m     
    expect(res[33m.[
39mstatusCode)[33m.[
39mtoBe([35m200[39m)
[33m;[39m
     [90m    |[39m  
                      
        
[31m[1m^[22m[39m
     [90m 97 |[39m
     [90m 98 |[39m  
       
[36mconst[39m book 
[33m=[39m 
[36mawait[39m [33mB
ook[39m[33m.[39mfin
dOne({ id[33m:[39m 
[35m102[39m 
})[33m;[39m
     [90m 99 |[39m  
       expect(book[33
m.[39mstatus)[33m.[
39mtoBe([32m'availabl
e'[39m)[33m;[39m[0
m

      at Object.toBe (
tests/app.test.js:96:3
2)

Test Suites: 1 
failed, 1 total
Tests:       3 
failed, 7 passed, 10 
total
Snapshots:   0 total
Time:        2.66 s, 
estimated 3 s
Ran all test suites.
